// Jest Snapshot v1, https://goo.gl/fbAQLP

exports[`it produces a tree structure for the sidebar 1`] = `
Array [
  Object {
    "collapsed": false,
    "items": Array [
      Object {
        "id": "example-project",
        "label": "Overview",
        "type": "doc",
      },
      Object {
        "collapsed": true,
        "items": Array [
          Object {
            "id": "Animal",
            "label": "Overview",
            "type": "doc",
          },
          Object {
            "id": "speak",
            "label": "speak",
            "type": "doc",
          },
        ],
        "label": "Animal",
        "type": "category",
      },
      Object {
        "collapsed": true,
        "items": Array [
          Object {
            "id": "AnimalOptions",
            "label": "Overview",
            "type": "doc",
          },
          Object {
            "id": "name",
            "label": "name",
            "type": "doc",
          },
        ],
        "label": "AnimalOptions",
        "type": "category",
      },
      Object {
        "id": "bar",
        "label": "bar",
        "type": "doc",
      },
      Object {
        "collapsed": true,
        "items": Array [
          Object {
            "id": "Bizz",
            "label": "Overview",
            "type": "doc",
          },
          Object {
            "id": "(constructor)",
            "label": "(constructor)",
            "type": "doc",
          },
          Object {
            "id": "bar",
            "label": "bar",
            "type": "doc",
          },
          Object {
            "id": "foo",
            "label": "foo",
            "type": "doc",
          },
        ],
        "label": "Bizz",
        "type": "category",
      },
      Object {
        "collapsed": true,
        "items": Array [
          Object {
            "id": "Box",
            "label": "Overview",
            "type": "doc",
          },
          Object {
            "id": "(constructor)",
            "label": "(constructor)",
            "type": "doc",
          },
          Object {
            "id": "unwrap",
            "label": "unwrap",
            "type": "doc",
          },
        ],
        "label": "Box",
        "type": "category",
      },
      Object {
        "id": "foo",
        "label": "foo",
        "type": "doc",
      },
      Object {
        "id": "sum",
        "label": "sum",
        "type": "doc",
      },
    ],
    "label": "example-project",
    "type": "category",
  },
]
`;
