// Jest Snapshot v1, https://goo.gl/fbAQLP

exports[`emits plain strings 1`] = `
Object {
  "foo/addon.md": "---
# Do not edit this file. It is automatically generated by the docusaurus-api-extractor plugin
id: addon
hide_title: true
title: addon package
---
[Home](./index.md)

## addon package


## Components

|  Components | Description | Import Path |
|  --- | --- | --- |
|  [Stepper](./addon.stepper.md) |  | my-addon/components/stepper |

## Component Signatures

|  Component Signatures | Description | Import Path |
|  --- | --- | --- |
|  [StepperSignature](./addon.steppersignature.md) |  | my-addon/components/stepper |

## Helpers

|  Helpers | Description | Import Path |
|  --- | --- | --- |
|  [sum(a, b)](./addon.sum.md) |  | addon/helpers/sum |

",
  "foo/addon.stepper._constructor_.md": "---
# Do not edit this file. It is automatically generated by the docusaurus-api-extractor plugin
id: addon.stepper._constructor_
hide_title: true
title: Stepper.(constructor)
---
[Home](./index.md)

## Stepper.(constructor)

Constructs a new instance of the \`Stepper\` class

**Signature:**

\`\`\`typescript
constructor(args: StepperSignature);
\`\`\`

## Parameters

|  Parameter | Type | Description |
|  --- | --- | --- |
|  args | StepperSignature |  |

",
  "foo/addon.stepper.args.md": "---
# Do not edit this file. It is automatically generated by the docusaurus-api-extractor plugin
id: addon.stepper.args
hide_title: true
title: Stepper.args property
---
[Home](./index.md)

## Stepper.args property

**Signature:**

\`\`\`typescript
args: StepperSignature;
\`\`\`
",
  "foo/addon.stepper.md": "---
# Do not edit this file. It is automatically generated by the docusaurus-api-extractor plugin
id: addon.stepper
hide_title: true
title: Stepper Component
---
[Home](./index.md)

## Stepper Component

### Import Path: my-addon/components/stepper

**Signature:**

\`\`\`typescript
export default class Stepper<StepperSignature> 
\`\`\`

## Constructors

|  Constructor | Modifiers | Description |
|  --- | --- | --- |
|  [(constructor)(args)](./addon.stepper._constructor_.md) |  | Constructs a new instance of the <code>Stepper</code> class |

## Properties

|  Property | Modifiers | Type | Description |
|  --- | --- | --- | --- |
|  [args](./addon.stepper.args.md) |  | StepperSignature |  |

## Methods

|  Method | Modifiers | Description |
|  --- | --- | --- |
|  [render()](./addon.stepper.render.md) |  |  |

",
  "foo/addon.stepper.render.md": "---
# Do not edit this file. It is automatically generated by the docusaurus-api-extractor plugin
id: addon.stepper.render
hide_title: true
title: Stepper.render() method
---
[Home](./index.md)

## Stepper.render() method

**Signature:**

\`\`\`typescript
render(): void;
\`\`\`
**Returns:**

void

",
  "foo/addon.steppersignature.md": "---
# Do not edit this file. It is automatically generated by the docusaurus-api-extractor plugin
id: addon.steppersignature
hide_title: true
title: StepperSignature Component Signature
---
[Home](./index.md)

## StepperSignature Component Signature

### Import Path: my-addon/components/stepper

**Signature:**

\`\`\`typescript
export declare type StepperSignature = {
    Element: HTMLDivElement;
    Blocks: {
        default: unknown;
    };
    Arguments: {
        name: string;
        age: number;
    };
};
\`\`\`
",
  "foo/addon.sum.md": "---
# Do not edit this file. It is automatically generated by the docusaurus-api-extractor plugin
id: addon.sum
hide_title: true
title: sum() Helper
---
[Home](./index.md)

## sum() Helper

### Import Path: addon/helpers/sum

**Signature:**

\`\`\`typescript
export default function sum(a: number, b: number): number;
\`\`\`

## Parameters

|  Parameter | Type | Description |
|  --- | --- | --- |
|  a | number | left side |
|  b | number | right side |

**Returns:**

number

the sum of the left and right side

## Example

This is a helper that can be used in

\`\`\`ts
import sum from 'my-addon/helpers/sum';

export default <template>{{sum 1 2}}</template>
\`\`\`

",
  "foo/index.md": "---
# Do not edit this file. It is automatically generated by the docusaurus-api-extractor plugin
id: index
hide_title: true
title: API Reference
slug: /
---
[Home](./index.md)

## API Reference

## Packages

|  Package | Description |
|  --- | --- |
|  [addon](./addon.md) |  |

",
}
`;
